[2026-06-18T14:48:11.448Z] Login attempt for: tester_js@example.com userFound: true
storedPasswordLength: 60
bcryptCompare:false
[2026-06-18T14:48:13.117Z] Login attempt for: tester_js@example.com userFound: true
storedPasswordLength: 60
bcryptCompare:false
[2026-06-18T14:48:28.652Z] Login attempt for: tester_js@example.com userFound: true
storedPasswordLength: 60
bcryptCompare:false
[2026-06-18T15:20:09.172Z] Login attempt for: tester_js@example.com userFound: true
storedPasswordLength: 60
bcryptCompare:true
[2026-06-18T15:26:51.838Z] Login attempt for: tester_js@example.com userFound: true
storedPasswordLength: 60
bcryptCompare:true
[2026-06-18T15:27:37.632Z] Login attempt for: tester_js@example.com userFound: true
storedPasswordLength: 60
bcryptCompare:true
[2026-06-19T14:40:27.496Z] Login attempt for: madhavipulikonda17@gmail.com userFound: true
storedPasswordLength: 60
bcryptCompare:true
[2026-06-19T14:56:36.263Z] Login attempt for:  tester_js@example.com userFound: false
[2026-06-19T14:56:38.010Z] Login attempt for:  tester_js@example.com userFound: false
[2026-06-19T14:56:43.786Z] Login attempt for: tester_js@example.com userFound: true
storedPasswordLength: 60
bcryptCompare:true
[2026-06-19T14:57:01.257Z] Login attempt for: tester_js@example.com userFound: true
storedPasswordLength: 60
bcryptCompare:true
[2026-06-19T14:57:19.790Z] Login attempt for: tester_js@example.com userFound: true
storedPasswordLength: 60
bcryptCompare:true
[2026-06-19T14:59:01.892Z] Login attempt for: tester_js@example.com userFound: true
storedPasswordLength: 60
bcryptCompare:true
[2026-06-19T15:04:26.495Z] Login attempt for: tester_js@example.com userFound: true
storedPasswordLength: 60
bcryptCompare:true
[2026-06-19T15:04:37.867Z] Login attempt for: tester_js@example.com userFound: true
storedPasswordLength: 60
bcryptCompare:true
[2026-06-19T15:05:14.537Z] Login attempt for: tester_js@example.com userFound: true
storedPasswordLength: 60
bcryptCompare:true
[2026-06-23T16:58:35.579Z] Login attempt for: admin userFound: false
[2026-06-23T16:58:36.845Z] Login attempt for: admin userFound: false
[2026-06-23T17:09:22.861Z] Login attempt for: madhavipulikonda17@gmail.com userFound: true
storedPasswordLength: 60
bcryptCompare:true
[2026-06-23T17:09:51.891Z] Login attempt for: madhavipulikonda17@gmail.com userFound: true
storedPasswordLength: 60
bcryptCompare:true
[2026-06-23T17:39:29.387Z] Login attempt for: admin@portfoliomaker.com userFound: true
storedPasswordLength: 8
bcryptCompare:false
[2026-06-23T17:41:26.937Z] Login attempt for: admin@portfoliomaker.com userFound: true
storedPasswordLength: 8
plaintextCompare:true
[2026-06-23T17:41:50.415Z] Login attempt for: demo@portfoliomaker.com userFound: true
storedPasswordLength: 7
plaintextCompare:true
[2026-06-23T17:42:28.233Z] Login attempt for: admin@portfoliomaker.com userFound: true
storedPasswordLength: 8
plaintextCompare:true
[2026-06-23T17:43:14.930Z] Login attempt for: demo@portfoliomaker.com userFound: true
storedPasswordLength: 7
plaintextCompare:true
[2026-06-23T18:00:46.862Z] Login attempt for: tester_js@example.com userFound: false
[2026-06-23T18:01:58.578Z] Login attempt for: tester_js@example.com userFound: false
[2026-06-23T18:02:48.100Z] Login attempt for: tester_js@example.com userFound: false
[2026-06-23T18:04:52.708Z] Login attempt for: demo@portfoliomaker.com userFound: true
storedPasswordLength: 7
plaintextCompare:true
[2026-06-23T18:07:02.750Z] Login attempt for: demo@portfoliomaker.com userFound: true
storedPasswordLength: 7
plaintextCompare:true
[2026-06-25T08:55:20.617Z] Login attempt for: admin@portfoliomaker.com userFound: true
storedPasswordLength: 8
plaintextCompare:false
[2026-06-26T03:10:39.894Z] Login attempt for: admin@portfoliomaker.com userFound: true
storedPasswordLength: 8
plaintextCompare:true
[2026-06-26T03:11:15.085Z] Login attempt for: admin@portfoliomaker.com userFound: true
storedPasswordLength: 8
plaintextCompare:true
